Microchip MPLAB XC8 Compiler V2.50

Linker command line:

-W-3 \
  --edf=C:/Program Files/Microchip/MPLABX/v6.25/packs/Microchip/PIC18F-K_DFP/1.14.301/xc8\pic\dat\20241213203129_en.msgs \
  -pivt0x8=08h -cn -h+dist/default/production\ADC.X.production.sym \
  --cmf=dist/default/production\ADC.X.production.cmf -z -Q18F46K42 \
  -oC:\Users\JUANPA~1\AppData\Local\Temp\xcAsu34.\driver_tmp_3.o \
  --defsym=__MPLAB_BUILD=1 --fixupoverflow=error \
  -Mdist/default/production/ADC.X.production.map \
  --md=C:\Users\JUANPA~1\AppData\Local\Temp\xcAsu34.\driver_tmp_0.dat -E1 \
  -ver=XC8 Compiler -ACODE=00h-0FFFFh -ACONST=00h-0FFFFh \
  -ASMALLCONST=01000h-010FFhx240 -AMEDIUMCONST=01000h-0FFFFh \
  -ACOMRAM=01h-05Fh -AABS1=00h-0FFFh -ABIGRAM=01h-0FFFh \
  -ARAM=060h-0FFh,0100h-01FFhx15 -ABANK0=060h-0FFh -ABANK1=0100h-01FFh \
  -ABANK2=0200h-02FFh -ABANK3=0300h-03FFh -ABANK4=0400h-04FFh \
  -ABANK5=0500h-05FFh -ABANK6=0600h-06FFh -ABANK7=0700h-07FFh \
  -ABANK8=0800h-08FFh -ABANK9=0900h-09FFh -ABANK10=0A00h-0AFFh \
  -ABANK11=0B00h-0BFFh -ABANK12=0C00h-0CFFh -ABANK13=0D00h-0DFFh \
  -ABANK14=0E00h-0EFFh -ABANK15=0F00h-0FFFh \
  -ASFR=03800h-038FFhx7,03F00h-03F5Fh,03F60h-03FFFh -ABIGSFR=03800h-03FFFh \
  -ACONFIG=0300000h-0300009h -AIDLOC=0200000h-020000Fh \
  -AEEDATA=0310000h-03103FFh -peeprom_data=EEDATA -preset_vec=00h \
  -ppowerup=CODE,init -pramtop=01000h -psmallconst=SMALLCONST \
  -pmediumconst=MEDIUMCONST -pconst=CONST -AFARRAM=00h-00h \
  -prdata=COMRAM,nvrram=COMRAM,nvbit=COMRAM,rbss=COMRAM,rbit=COMRAM \
  -pfarbss=FARRAM,fardata=FARRAM,nvFARRAM=FARRAM \
  -pintsave_regs=BIGRAM,bigbss=BIGRAM,bigdata=BIGRAM -pbss=RAM \
  -pidata=CODE,irdata=CODE,ibigdata=CODE,ifardata=CODE -pparam0=BANK0 \
  C:\Users\JUANPA~1\AppData\Local\Temp\xcAsu34.\driver_tmp_9.o \
  dist/default/production\ADC.X.production.o 

Object code version is 3.11

Machine type is 18F46K42



                Name                               Link     Load   Length Selector   Space Scale
C:\Users\JUANPA~1\AppData\Local\Temp\xcAsu34.\driver_tmp_9.o
                config                           300000   300000        A        0       4
                init                                 AE       AE        4        4       0
                reset_vec                             0        0        4        0       0
dist/default/production\ADC.X.production.o
                config                           300000   300000        A        0       4
                smallconst                         1000     1000       72      800       0
                ivt0x8                                8        8       A6        4       0
                text33                             1566     1566       26      839       0
                text32                             163E     163E        6      839       0
                text31                             1650     1650        2      593       0
                text30                             164E     164E        2      593       0
                text29                             1072     1072       A8      839       0
                text28                             1334     1334       44      839       0
                text27                             143A     143A       3E      839       0
                text26                             12F0     12F0       44      839       0
                text25                             14B2     14B2       32      839       0
                text24                             11A4     11A4       8A      839       0
                text23                             164C     164C        2      593       0
                text22                             1648     1648        2      B24       0
                text21                             1512     1512       2C      839       0
                text20                             129C     129C       54      839       0
                text19                             1478     1478       3A      839       0
                text18                             1636     1636        8      839       0
                text17                             13FA     13FA       40      839       0
                text16                             15D0     15D0       12      839       0
                text15                             122E     122E       6E      839       0
                text14                             15BC     15BC       14      839       0
                text13                             15A4     15A4       18      839       0
                text12                             162C     162C        A      839       0
                text11                             13BA     13BA       40      839       0
                text10                             158C     158C       18      839       0
                text9                              1622     1622        A      839       0
                text8                              153E     153E       28      839       0
                text7                              1618     1618        A      839       0
                text6                              160E     160E        A      839       0
                text5                              1604     1604        A      839       0
                text4                              15FA     15FA        A      839       0
                text3                              15F0     15F0        A      839       0
                text2                              111A     111A       8A      839       0
                text1                              14E4     14E4       2E      839       0
                text0                              15E2     15E2        E      839       0
                cstackCOMRAM                         3C       3C        D        1       1
                cstackBANK0                          60       60        8       60       1
                dataCOMRAM                           55       55        3        1       1
                bssCOMRAM                             1        1       3B        1       1
                cinit                              1378     1378       42      839       0
                nvBANK0                              68       68        2       60       1
                nvCOMRAM                             49       49        C        1       1
                idataCOMRAM                        1644     1644        3      839       0

TOTAL           Name                               Link     Load   Length     Space
        CLASS   CODE           
                init                                 AE       AE        4         0
                reset_vec                             0        0        4         0
                ivt0x8                                8        8       A6         0
                text33                             1566     1566       26         0
                text32                             163E     163E        6         0
                text31                             1650     1650        2         0
                text30                             164E     164E        2         0
                text29                             1072     1072       A8         0
                text28                             1334     1334       44         0
                text27                             143A     143A       3E         0
                text26                             12F0     12F0       44         0
                text25                             14B2     14B2       32         0
                text24                             11A4     11A4       8A         0
                text23                             164C     164C        2         0
                text22                             1648     1648        2         0
                text21                             1512     1512       2C         0
                text20                             129C     129C       54         0
                text19                             1478     1478       3A         0
                text18                             1636     1636        8         0
                text17                             13FA     13FA       40         0
                text16                             15D0     15D0       12         0
                text15                             122E     122E       6E         0
                text14                             15BC     15BC       14         0
                text13                             15A4     15A4       18         0
                text12                             162C     162C        A         0
                text11                             13BA     13BA       40         0
                text10                             158C     158C       18         0
                text9                              1622     1622        A         0
                text8                              153E     153E       28         0
                text7                              1618     1618        A         0
                text6                              160E     160E        A         0
                text5                              1604     1604        A         0
                text4                              15FA     15FA        A         0
                text3                              15F0     15F0        A         0
                text2                              111A     111A       8A         0
                text1                              14E4     14E4       2E         0
                text0                              15E2     15E2        E         0
                cinit                              1378     1378       42         0
                idataCOMRAM                        1644     1644        3         0

        CLASS   CONST          

        CLASS   SMALLCONST     
                smallconst                         1000     1000       72         0

        CLASS   MEDIUMCONST    

        CLASS   COMRAM         
                cstackCOMRAM                         3C       3C        D         1
                dataCOMRAM                           55       55        3         1
                bssCOMRAM                             1        1       3B         1
                nvCOMRAM                             49       49        C         1

        CLASS   ABS1           

        CLASS   BIGRAM         

        CLASS   RAM            

        CLASS   BANK0          
                cstackBANK0                          60       60        8         1
                nvBANK0                              68       68        2         1

        CLASS   BANK1          

        CLASS   BANK2          

        CLASS   BANK3          

        CLASS   BANK4          

        CLASS   BANK5          

        CLASS   BANK6          

        CLASS   BANK7          

        CLASS   BANK8          

        CLASS   BANK9          

        CLASS   BANK10         

        CLASS   BANK11         

        CLASS   BANK12         

        CLASS   BANK13         

        CLASS   BANK14         

        CLASS   BANK15         

        CLASS   SFR            

        CLASS   BIGSFR         

        CLASS   CONFIG         
                config                           300000   300000        A         4

        CLASS   IDLOC          

        CLASS   EEDATA         

        CLASS   FARRAM         

        CLASS   HEAP           

        CLASS   STACK          



SEGMENTS        Name                           Load    Length   Top    Selector   Space  Class

                reset_vec                      000000  000004  000004         0       0  CODE    
                bssCOMRAM                      000001  000057  000058         1       1  COMRAM  
                ivt0x8                         000008  0000AA  0000B2         4       0  CODE    
                cstackBANK0                    000060  00000A  00006A        60       1  BANK0   
                smallconst                     001000  000072  001072       800       0  SMALLCON
                text29                         001072  0005D5  001647       839       0  CODE    
                text22                         001648  000002  00164A       B24       0  CODE    
                text23                         00164C  000006  001652       593       0  CODE    


UNUSED ADDRESS RANGES

        Name                Unused          Largest block    Delta
        BANK0            00006A-0000FF               96
        BANK1            000100-0001FF              100
        BANK10           000A00-000AFF              100
        BANK11           000B00-000BFF              100
        BANK12           000C00-000CFF              100
        BANK13           000D00-000DFF              100
        BANK14           000E00-000EFF              100
        BANK15           000F00-000FFF              100
        BANK2            000200-0002FF              100
        BANK3            000300-0003FF              100
        BANK4            000400-0004FF              100
        BANK5            000500-0005FF              100
        BANK6            000600-0006FF              100
        BANK7            000700-0007FF              100
        BANK8            000800-0008FF              100
        BANK9            000900-0009FF              100
        BIGRAM           000058-00005F                8
                         00006A-000FFF              F96
        BIGSFR           003800-003FFF              800
        CODE             000004-000007                4
                         0000B2-000FFF              F4E
                         001647-001647                1
                         00164A-00164B                2
                         001652-00FFFF             E9AE
        COMRAM           000058-00005F                8
        CONST            000004-000007                4
                         0000B2-000FFF              F4E
                         001647-001647                1
                         00164A-00164B                2
                         001652-00FFFF             E9AE
        EEDATA           310000-3103FF              400
        IDLOC            200000-20000F               10
        MEDIUMCONST      001647-001647                1
                         00164A-00164B                2
                         001652-00FFFF             E9AE
        RAM              00006A-000FFF              100
        SFR              003800-003FFF              100
        SMALLCONST       001647-001647                1
                         00164A-00164B                2
                         001652-00FFFF              100

                                  Symbol Table

?_ADCC_GetSingleConversion                    cstackCOMRAM 000040
ADCC_GetSingleConversion@channel              cstackCOMRAM 000044
INTERRUPT_Initialize@state                    cstackBANK0  000064
IVTBASEH                                      (abs)        003FD6
IVTBASEL                                      (abs)        003FD5
IVTBASEU                                      (abs)        003FD7
TMR1_SetInterruptHandler@InterruptHandler     cstackBANK0  000064
TMR1_WriteTimer@timerVal                      cstackCOMRAM 00003C
TMR6_ISR@AN2_b                                bssCOMRAM    00001B
TMR6_ISR@AN4_b                                bssCOMRAM    000019
TMR6_SetInterruptHandler@InterruptHandler     cstackBANK0  000064
UART1_SetErrorHandler@interruptHandler        cstackBANK0  000064
UART1_SetFramingErrorHandler@interruptHandler cstackBANK0  000064
UART1_SetOverrunErrorHandler@interruptHandler cstackBANK0  000064
UART1_SetRxInterruptHandler@InterruptHandler  cstackBANK0  000064
UART1_SetTxInterruptHandler@InterruptHandler  cstackBANK0  000064
_ADACCH                                       (abs)        003EE9
_ADACCL                                       (abs)        003EE8
_ADACCU                                       (abs)        003EEA
_ADACQH                                       (abs)        003EF4
_ADACQL                                       (abs)        003EF3
_ADACT                                        (abs)        003EFE
_ADCAP                                        (abs)        003EF5
_ADCC_GetSingleConversion                     text25       0014B2
_ADCC_Initialize                              text19       001478
_ADCLK                                        (abs)        003EFF
_ADCNT                                        (abs)        003EEB
_ADCON0                                       (abs)        003EF8
_ADCON0bits                                   (abs)        003EF8
_ADCON1                                       (abs)        003EF9
_ADCON1bits                                   (abs)        003EF9
_ADCON2                                       (abs)        003EFA
_ADCON2bits                                   (abs)        003EFA
_ADCON3                                       (abs)        003EFB
_ADCON3bits                                   (abs)        003EFB
_ADERRH                                       (abs)        003EE3
_ADERRL                                       (abs)        003EE2
_ADFLTRH                                      (abs)        003EE7
_ADFLTRL                                      (abs)        003EE6
_ADLTHH                                       (abs)        003EDF
_ADLTHL                                       (abs)        003EDE
_ADPCH                                        (abs)        003EF1
_ADPREH                                       (abs)        003EF7
_ADPREL                                       (abs)        003EF6
_ADPREVH                                      (abs)        003EEE
_ADPREVL                                      (abs)        003EED
_ADREF                                        (abs)        003EFD
_ADRESH                                       (abs)        003EF0
_ADRESL                                       (abs)        003EEF
_ADRPT                                        (abs)        003EEC
_ADSTAT                                       (abs)        003EFC
_ADSTATbits                                   (abs)        003EFC
_ADSTPTH                                      (abs)        003EE5
_ADSTPTL                                      (abs)        003EE4
_ADUTHH                                       (abs)        003EE1
_ADUTHL                                       (abs)        003EE0
_AN2                                          dataCOMRAM   000057
_AN4                                          dataCOMRAM   000056
_ANSELA                                       (abs)        003A40
_ANSELB                                       (abs)        003A50
_ANSELC                                       (abs)        003A60
_ANSELD                                       (abs)        003A70
_ANSELE                                       (abs)        003A80
_Analog_ref                                   bssCOMRAM    00002B
_CCPTMRS1bits                                 (abs)        003F5F
_Default_ISR                                  text23       00164C
_FVRCON                                       (abs)        003EC1
_FVRCONbits                                   (abs)        003EC1
_FVR_Initialize                               text18       001636
_GIE                                          (abs)        01FE97
_INLVLA                                       (abs)        003A44
_INLVLB                                       (abs)        003A54
_INLVLC                                       (abs)        003A64
_INLVLD                                       (abs)        003A74
_INLVLE                                       (abs)        003A84
_INTCON0bits                                  (abs)        003FD2
_INTERRUPT_Initialize                         text17       0013FA
_IPR3bits                                     (abs)        003983
_IPR4bits                                     (abs)        003984
_IPR9bits                                     (abs)        003989
_IVTBASEH                                     (abs)        003FD6
_IVTBASEL                                     (abs)        003FD5
_IVTBASEU                                     (abs)        003FD7
_IVTLOCK                                      (abs)        003FD4
_IVTLOCKbits                                  (abs)        003FD4
_LATA                                         (abs)        003FBA
_LATAbits                                     (abs)        003FBA
_LATB                                         (abs)        003FBB
_LATC                                         (abs)        003FBC
_LATD                                         (abs)        003FBD
_LATE                                         (abs)        003FBE
_ODCONA                                       (abs)        003A42
_ODCONB                                       (abs)        003A52
_ODCONC                                       (abs)        003A62
_ODCOND                                       (abs)        003A72
_ODCONE                                       (abs)        003A82
_OSCCON1                                      (abs)        0039D9
_OSCCON3                                      (abs)        0039DB
_OSCEN                                        (abs)        0039DD
_OSCFRQ                                       (abs)        0039DF
_OSCILLATOR_Initialize                        text16       0015D0
_OSCTUNE                                      (abs)        0039DE
_PIE3bits                                     (abs)        003993
_PIE4bits                                     (abs)        003994
_PIE9bits                                     (abs)        003999
_PIN_MANAGER_Initialize                       text15       00122E
_PIR4bits                                     (abs)        0039A4
_PIR9bits                                     (abs)        0039A9
_PMD0                                         (abs)        0039C0
_PMD1                                         (abs)        0039C1
_PMD2                                         (abs)        0039C2
_PMD3                                         (abs)        0039C3
_PMD4                                         (abs)        0039C4
_PMD5                                         (abs)        0039C5
_PMD6                                         (abs)        0039C6
_PMD7                                         (abs)        0039C7
_PMD_Initialize                               text14       0015BC
_PR2                                          (abs)        003FAB
_PR6                                          (abs)        003F93
_PWM5CON                                      (abs)        003F6E
_PWM5DCH                                      (abs)        003F6D
_PWM5DCL                                      (abs)        003F6C
_PWM5_Initialize                              text13       0015A4
_RA6PPS                                       (abs)        003A06
_RB1I2C                                       (abs)        003A5A
_RB2I2C                                       (abs)        003A5B
_RC3I2C                                       (abs)        003A6A
_RC4I2C                                       (abs)        003A6B
_RD0I2C                                       (abs)        003A7A
_RD1I2C                                       (abs)        003A7B
_SLRCONA                                      (abs)        003A43
_SLRCONB                                      (abs)        003A53
_SLRCONC                                      (abs)        003A63
_SLRCOND                                      (abs)        003A73
_SLRCONE                                      (abs)        003A83
_SYSTEM_Initialize                            text1        0014E4
_T1CKIPPS                                     (abs)        003AC4
_T1CLK                                        (abs)        003FB5
_T1CON                                        (abs)        003FB2
_T1CONbits                                    (abs)        003FB2
_T1GATE                                       (abs)        003FB4
_T1GCON                                       (abs)        003FB3
_T1GCONbits                                   (abs)        003FB3
_T2CLKCON                                     (abs)        003FAE
_T2CON                                        (abs)        003FAC
_T2CONbits                                    (abs)        003FAC
_T2HLT                                        (abs)        003FAD
_T2HLTbits                                    (abs)        003FAD
_T2PR                                         (abs)        003FAB
_T2RST                                        (abs)        003FAF
_T2RSTbits                                    (abs)        003FAF
_T2TMR                                        (abs)        003FAA
_T6CLKCON                                     (abs)        003F96
_T6CON                                        (abs)        003F94
_T6CONbits                                    (abs)        003F94
_T6HLT                                        (abs)        003F95
_T6HLTbits                                    (abs)        003F95
_T6PR                                         (abs)        003F93
_T6RST                                        (abs)        003F97
_T6RSTbits                                    (abs)        003F97
_T6TMR                                        (abs)        003F92
_TMR1H                                        (abs)        003FB1
_TMR1L                                        (abs)        003FB0
_TMR1_DefaultInterruptHandler                 text22       001648
_TMR1_ISR                                     text20       00129C
_TMR1_Initialize                              text11       0013BA
_TMR1_InterruptHandler                        nvCOMRAM     000053
_TMR1_SetInterruptHandler                     text12       00162C
_TMR1_WriteTimer                              text21       001512
_TMR2                                         (abs)        003FAA
_TMR2_Initialize                              text10       00158C
_TMR6                                         (abs)        003F92
_TMR6_DefaultInterruptHandler                 (abs)        000000
_TMR6_ISR                                     text24       0011A4
_TMR6_Initialize                              text8        00153E
_TMR6_InterruptHandler                        nvBANK0      000068
_TMR6_SetInterruptHandler                     text9        001622
_TRISA                                        (abs)        003FC2
_TRISB                                        (abs)        003FC3
_TRISC                                        (abs)        003FC4
_TRISD                                        (abs)        003FC5
_TRISE                                        (abs)        003FC6
_U1BRGH                                       (abs)        003DF6
_U1BRGL                                       (abs)        003DF5
_U1CON0                                       (abs)        003DF2
_U1CON1                                       (abs)        003DF3
_U1CON2                                       (abs)        003DF4
_U1ERRIE                                      (abs)        003DFA
_U1ERRIR                                      (abs)        003DF9
_U1ERRIRbits                                  (abs)        003DF9
_U1FIFO                                       (abs)        003DF7
_U1P1H                                        (abs)        003DED
_U1P1L                                        (abs)        003DEC
_U1P2H                                        (abs)        003DEF
_U1P2L                                        (abs)        003DEE
_U1P3H                                        (abs)        003DF1
_U1P3L                                        (abs)        003DF0
_U1RXB                                        (abs)        003DE8
_U1RXPPS                                      (abs)        003AE5
_U1TXB                                        (abs)        003DEA
_U1UIR                                        (abs)        003DF8
_UART1_DefaultErrorHandler                    text32       00163E
_UART1_DefaultFramingErrorHandler             text31       001650
_UART1_DefaultOverrunErrorHandler             text30       00164E
_UART1_ErrorHandler                           nvCOMRAM     000049
_UART1_FramingErrorHandler                    nvCOMRAM     00004D
_UART1_Initialize                             text2        00111A
_UART1_OverrunErrorHandler                    nvCOMRAM     00004B
_UART1_Read                                   (abs)        000000
_UART1_Receive_ISR                            text29       001072
_UART1_RxDataHandler                          text33       001566
_UART1_RxInterruptHandler                     nvCOMRAM     000051
_UART1_SetErrorHandler                        text7        001618
_UART1_SetFramingErrorHandler                 text6        00160E
_UART1_SetOverrunErrorHandler                 text5        001604
_UART1_SetRxInterruptHandler                  text4        0015FA
_UART1_SetTxInterruptHandler                  text3        0015F0
_UART1_Transmit_ISR                           text27       00143A
_UART1_TxInterruptHandler                     nvCOMRAM     00004F
_UART1_Write                                  (abs)        000000
_UART1_is_rx_ready                            (abs)        000000
_UART1_is_tx_done                             (abs)        000000
_UART1_is_tx_ready                            (abs)        000000
_UART1_rx_vect_isr                            text28       001334
_UART1_tx_vect_isr                            text26       0012F0
_WPUA                                         (abs)        003A41
_WPUB                                         (abs)        003A51
_WPUC                                         (abs)        003A61
_WPUD                                         (abs)        003A71
_WPUE                                         (abs)        003A81
__HRAM                                        (abs)        000000
__H__absolute__                               __absolute__ 000000
__Habs1                                       abs1         000000
__Hbank0                                      bank0        000000
__Hbank1                                      bank1        000000
__Hbank10                                     bank10       000000
__Hbank11                                     bank11       000000
__Hbank12                                     bank12       000000
__Hbank13                                     bank13       000000
__Hbank14                                     bank14       000000
__Hbank15                                     bank15       000000
__Hbank2                                      bank2        000000
__Hbank3                                      bank3        000000
__Hbank4                                      bank4        000000
__Hbank5                                      bank5        000000
__Hbank6                                      bank6        000000
__Hbank7                                      bank7        000000
__Hbank8                                      bank8        000000
__Hbank9                                      bank9        000000
__Hbigbss                                     bigbss       000000
__Hbigdata                                    bigdata      000000
__Hbigram                                     bigram       000000
__Hbigsfr                                     bigsfr       000000
__Hbss                                        bss          000000
__HbssCOMRAM                                  bssCOMRAM    000000
__Hcinit                                      cinit        000000
__Hclrtext                                    clrtext      000000
__Hcomram                                     comram       000000
__Hconfig                                     config       30000A
__Hconst                                      const        000000
__HcstackBANK0                                cstackBANK0  000000
__HcstackCOMRAM                               cstackCOMRAM 000000
__Hdata                                       data         000000
__HdataCOMRAM                                 dataCOMRAM   000000
__Heeprom_data                                eeprom_data  000000
__Hfarbss                                     farbss       000000
__Hfardata                                    fardata      000000
__Hheap                                       heap         000000
__Hibigdata                                   ibigdata     000000
__Hidata                                      idata        000000
__HidataCOMRAM                                idataCOMRAM  000000
__Hidloc                                      idloc        000000
__Hifardata                                   ifardata     000000
__Hinit                                       init         0000B2
__Hintsave_regs                               intsave_regs 000000
__Hirdata                                     irdata       000000
__Hivt0x8                                     ivt0x8       0000AE
__Hmediumconst                                mediumconst  000000
__HnvBANK0                                    nvBANK0      000000
__HnvCOMRAM                                   nvCOMRAM     000000
__HnvFARRAM                                   nvFARRAM     000000
__Hnvbit                                      nvbit        000000
__Hnvrram                                     nvrram       000000
__Hparam                                      param0       000000
__Hparam0                                     param0       000000
__Hpowerup                                    powerup      000000
__Hram                                        ram          000000
__Hramtop                                     ramtop       001000
__Hrbit                                       rbit         000000
__Hrbss                                       rbss         000000
__Hrdata                                      rdata        000000
__Hreset_vec                                  reset_vec    000004
__Hsfr                                        sfr          000000
__Hsmallconst                                 smallconst   001072
__Hspace_0                                    (abs)        001652
__Hspace_1                                    (abs)        00006A
__Hspace_2                                    (abs)        000000
__Hspace_4                                    (abs)        60000A
__Hstack                                      stack        000000
__Hstruct                                     struct       000000
__Htemp                                       temp         000000
__Htext                                       text         000000
__Htext0                                      text0        000000
__Htext1                                      text1        000000
__Htext10                                     text10       000000
__Htext11                                     text11       000000
__Htext12                                     text12       000000
__Htext13                                     text13       000000
__Htext14                                     text14       000000
__Htext15                                     text15       000000
__Htext16                                     text16       000000
__Htext17                                     text17       000000
__Htext18                                     text18       000000
__Htext19                                     text19       000000
__Htext2                                      text2        000000
__Htext20                                     text20       000000
__Htext21                                     text21       000000
__Htext22                                     text22       000000
__Htext23                                     text23       000000
__Htext24                                     text24       000000
__Htext25                                     text25       000000
__Htext26                                     text26       000000
__Htext27                                     text27       000000
__Htext28                                     text28       000000
__Htext29                                     text29       000000
__Htext3                                      text3        000000
__Htext30                                     text30       000000
__Htext31                                     text31       000000
__Htext32                                     text32       000000
__Htext33                                     text33       000000
__Htext4                                      text4        000000
__Htext5                                      text5        000000
__Htext6                                      text6        000000
__Htext7                                      text7        000000
__Htext8                                      text8        000000
__Htext9                                      text9        000000
__LRAM                                        (abs)        000001
__L__absolute__                               __absolute__ 000000
__Labs1                                       abs1         000000
__Lbank0                                      bank0        000000
__Lbank1                                      bank1        000000
__Lbank10                                     bank10       000000
__Lbank11                                     bank11       000000
__Lbank12                                     bank12       000000
__Lbank13                                     bank13       000000
__Lbank14                                     bank14       000000
__Lbank15                                     bank15       000000
__Lbank2                                      bank2        000000
__Lbank3                                      bank3        000000
__Lbank4                                      bank4        000000
__Lbank5                                      bank5        000000
__Lbank6                                      bank6        000000
__Lbank7                                      bank7        000000
__Lbank8                                      bank8        000000
__Lbank9                                      bank9        000000
__Lbigbss                                     bigbss       000000
__Lbigdata                                    bigdata      000000
__Lbigram                                     bigram       000000
__Lbigsfr                                     bigsfr       000000
__Lbss                                        bss          000000
__LbssCOMRAM                                  bssCOMRAM    000000
__Lcinit                                      cinit        000000
__Lclrtext                                    clrtext      000000
__Lcomram                                     comram       000000
__Lconfig                                     config       000000
__Lconst                                      const        000000
__LcstackBANK0                                cstackBANK0  000000
__LcstackCOMRAM                               cstackCOMRAM 000000
__Ldata                                       data         000000
__LdataCOMRAM                                 dataCOMRAM   000000
__Leeprom_data                                eeprom_data  000000
__Lfarbss                                     farbss       000000
__Lfardata                                    fardata      000000
__Lheap                                       heap         000000
__Libigdata                                   ibigdata     000000
__Lidata                                      idata        000000
__LidataCOMRAM                                idataCOMRAM  000000
__Lidloc                                      idloc        000000
__Lifardata                                   ifardata     000000
__Linit                                       init         0000AE
__Lintsave_regs                               intsave_regs 000000
__Lirdata                                     irdata       000000
__Livt0x8                                     ivt0x8       000008
__Lmediumconst                                mediumconst  000000
__LnvBANK0                                    nvBANK0      000000
__LnvCOMRAM                                   nvCOMRAM     000000
__LnvFARRAM                                   nvFARRAM     000000
__Lnvbit                                      nvbit        000000
__Lnvrram                                     nvrram       000000
__Lparam                                      param0       000000
__Lparam0                                     param0       000000
__Lpowerup                                    powerup      000000
__Lram                                        ram          000000
__Lramtop                                     ramtop       001000
__Lrbit                                       rbit         000000
__Lrbss                                       rbss         000000
__Lrdata                                      rdata        000000
__Lreset_vec                                  reset_vec    000000
__Lsfr                                        sfr          000000
__Lsmallconst                                 smallconst   001000
__Lspace_0                                    (abs)        000000
__Lspace_1                                    (abs)        000000
__Lspace_2                                    (abs)        000000
__Lspace_4                                    (abs)        000000
__Lstack                                      stack        000000
__Lstruct                                     struct       000000
__Ltemp                                       temp         000000
__Ltext                                       text         000000
__Ltext0                                      text0        000000
__Ltext1                                      text1        000000
__Ltext10                                     text10       000000
__Ltext11                                     text11       000000
__Ltext12                                     text12       000000
__Ltext13                                     text13       000000
__Ltext14                                     text14       000000
__Ltext15                                     text15       000000
__Ltext16                                     text16       000000
__Ltext17                                     text17       000000
__Ltext18                                     text18       000000
__Ltext19                                     text19       000000
__Ltext2                                      text2        000000
__Ltext20                                     text20       000000
__Ltext21                                     text21       000000
__Ltext22                                     text22       000000
__Ltext23                                     text23       000000
__Ltext24                                     text24       000000
__Ltext25                                     text25       000000
__Ltext26                                     text26       000000
__Ltext27                                     text27       000000
__Ltext28                                     text28       000000
__Ltext29                                     text29       000000
__Ltext3                                      text3        000000
__Ltext30                                     text30       000000
__Ltext31                                     text31       000000
__Ltext32                                     text32       000000
__Ltext33                                     text33       000000
__Ltext4                                      text4        000000
__Ltext5                                      text5        000000
__Ltext6                                      text6        000000
__Ltext7                                      text7        000000
__Ltext8                                      text8        000000
__Ltext9                                      text9        000000
__S0                                          (abs)        001652
__S1                                          (abs)        00006A
__S4                                          (abs)        000000
__S5                                          (abs)        000000
___heap_hi                                    (abs)        000000
___heap_lo                                    (abs)        000000
___inthi_sp                                   stack        000000
___inthi_stack_hi                             stack        000000
___inthi_stack_lo                             stack        000000
___intlo_sp                                   stack        000000
___intlo_stack_hi                             stack        000000
___intlo_stack_lo                             stack        000000
___param_bank                                 (abs)        000000
___rparam_used                                (abs)        000000
___sp                                         stack        000000
___stack_hi                                   stack        000000
___stack_lo                                   stack        000000
__accesstop                                   (abs)        000060
__activetblptr                                (abs)        000003
__end_of_ADCC_GetSingleConversion             text25       0014E4
__end_of_ADCC_Initialize                      text19       0014B2
__end_of_Default_ISR                          text23       00164E
__end_of_FVR_Initialize                       text18       00163E
__end_of_INTERRUPT_Initialize                 text17       00143A
__end_of_OSCILLATOR_Initialize                text16       0015E2
__end_of_PIN_MANAGER_Initialize               text15       00129C
__end_of_PMD_Initialize                       text14       0015D0
__end_of_PWM5_Initialize                      text13       0015BC
__end_of_SYSTEM_Initialize                    text1        001512
__end_of_TMR1_DefaultInterruptHandler         text22       00164A
__end_of_TMR1_ISR                             text20       0012F0
__end_of_TMR1_Initialize                      text11       0013FA
__end_of_TMR1_SetInterruptHandler             text12       001636
__end_of_TMR1_WriteTimer                      text21       00153E
__end_of_TMR2_Initialize                      text10       0015A4
__end_of_TMR6_ISR                             text24       00122E
__end_of_TMR6_Initialize                      text8        001566
__end_of_TMR6_SetInterruptHandler             text9        00162C
__end_of_UART1_DefaultErrorHandler            text32       001644
__end_of_UART1_DefaultFramingErrorHandler     text31       001652
__end_of_UART1_DefaultOverrunErrorHandler     text30       001650
__end_of_UART1_Initialize                     text2        0011A4
__end_of_UART1_Receive_ISR                    text29       00111A
__end_of_UART1_RxDataHandler                  text33       00158C
__end_of_UART1_SetErrorHandler                text7        001622
__end_of_UART1_SetFramingErrorHandler         text6        001618
__end_of_UART1_SetOverrunErrorHandler         text5        00160E
__end_of_UART1_SetRxInterruptHandler          text4        001604
__end_of_UART1_SetTxInterruptHandler          text3        0015FA
__end_of_UART1_Transmit_ISR                   text27       001478
__end_of_UART1_rx_vect_isr                    text28       001378
__end_of_UART1_tx_vect_isr                    text26       001334
__end_of__initialization                      cinit        0013B4
__end_of_main                                 text0        0015F0
__end_of_uart                                 smallconst   001015
__initialization                              cinit        001378
__mediumconst                                 mediumconst  000000
__pbssCOMRAM                                  bssCOMRAM    000001
__pcinit                                      cinit        001378
__pcstackBANK0                                cstackBANK0  000060
__pcstackCOMRAM                               cstackCOMRAM 00003C
__pdataCOMRAM                                 dataCOMRAM   000055
__pidataCOMRAM                                idataCOMRAM  001644
__pivt0x8                                     ivt0x8       000008
__pnvBANK0                                    nvBANK0      000068
__pnvCOMRAM                                   nvCOMRAM     000049
__psmallconst                                 smallconst   001000
__ptext0                                      text0        0015E2
__ptext1                                      text1        0014E4
__ptext10                                     text10       00158C
__ptext11                                     text11       0013BA
__ptext12                                     text12       00162C
__ptext13                                     text13       0015A4
__ptext14                                     text14       0015BC
__ptext15                                     text15       00122E
__ptext16                                     text16       0015D0
__ptext17                                     text17       0013FA
__ptext18                                     text18       001636
__ptext19                                     text19       001478
__ptext2                                      text2        00111A
__ptext20                                     text20       00129C
__ptext21                                     text21       001512
__ptext22                                     text22       001648
__ptext23                                     text23       00164C
__ptext24                                     text24       0011A4
__ptext25                                     text25       0014B2
__ptext26                                     text26       0012F0
__ptext27                                     text27       00143A
__ptext28                                     text28       001334
__ptext29                                     text29       001072
__ptext3                                      text3        0015F0
__ptext30                                     text30       00164E
__ptext31                                     text31       001650
__ptext32                                     text32       00163E
__ptext33                                     text33       001566
__ptext4                                      text4        0015FA
__ptext5                                      text5        001604
__ptext6                                      text6        00160E
__ptext7                                      text7        001618
__ptext8                                      text8        00153E
__ptext9                                      text9        001622
__ramtop                                      ramtop       001000
__smallconst                                  smallconst   001000
_adc_ready                                    bssCOMRAM    00002A
_main                                         text0        0015E2
_putch                                        (abs)        000000
_rx                                           bssCOMRAM    00002C
_string                                       dataCOMRAM   000055
_timer1ReloadVal                              bssCOMRAM    000021
_uart                                         smallconst   001001
_uart1RxBuffer                                bssCOMRAM    000009
_uart1RxCount                                 bssCOMRAM    000024
_uart1RxHead                                  bssCOMRAM    000026
_uart1RxLastError                             bssCOMRAM    000023
_uart1RxStatusBuffer                          bssCOMRAM    000001
_uart1RxTail                                  bssCOMRAM    000025
_uart1TxBuffer                                bssCOMRAM    000011
_uart1TxBufferRemaining                       bssCOMRAM    000027
_uart1TxHead                                  bssCOMRAM    000029
_uart1TxTail                                  bssCOMRAM    000028
_valor_AN2                                    bssCOMRAM    00001F
_valor_AN4                                    bssCOMRAM    00001D
end_of_initialization                         cinit        0013B4
intlevel0                                     text         000000
intlevel1                                     text         000000
intlevel2                                     text         000000
intlevel3                                     text         000000
isa$std                                       (abs)        000001
isa$xinst                                     (abs)        000000
ivt0x8_base                                   ivt0x8       000008
ivt0x8_undefint                               ivt0x8       0000AC
stackhi                                       (abs)        000000
stacklo                                       (abs)        000000
start                                         init         0000AE
start_initialization                          cinit        001378


MODULE INFORMATION

Module		Function		Class		Link	Load	Size
mcc_generated_files/tmr6.c
		_TMR6_ISR      		CODE           	11A4	0000	138
		_TMR6_Initialize		CODE           	153E	0000	40
		_TMR6_SetInterruptHandler		CODE           	1622	0000	10

mcc_generated_files/tmr6.c estimated size: 188

mcc_generated_files/fvr.c
		_FVR_Initialize		CODE           	1636	0000	8

mcc_generated_files/fvr.c estimated size: 8

mcc_generated_files/tmr2.c
		_TMR2_Initialize		CODE           	158C	0000	24

mcc_generated_files/tmr2.c estimated size: 24

mcc_generated_files/interrupt_manager.c
		_INTERRUPT_Initialize		CODE           	13FA	0000	64
		_Default_ISR   		CODE           	164C	0000	2

mcc_generated_files/interrupt_manager.c estimated size: 66

mcc_generated_files/pin_manager.c
		_PIN_MANAGER_Initialize		CODE           	122E	0000	110

mcc_generated_files/pin_manager.c estimated size: 110

mcc_generated_files/uart1.c
		_UART1_rx_vect_isr		CODE           	1334	0000	68
		_UART1_SetFramingErrorHandler		CODE           	160E	0000	10
		_UART1_SetOverrunErrorHandler		CODE           	1604	0000	10
		_UART1_tx_vect_isr		CODE           	12F0	0000	68
		_UART1_Receive_ISR		CODE           	1072	0000	168
		_UART1_SetRxInterruptHandler		CODE           	15FA	0000	10
		_UART1_SetTxInterruptHandler		CODE           	15F0	0000	10
		_UART1_Initialize		CODE           	111A	0000	138
		_UART1_SetErrorHandler		CODE           	1618	0000	10
		_UART1_Transmit_ISR		CODE           	143A	0000	62
		_UART1_DefaultFramingErrorHandler		CODE           	1650	0000	2
		_UART1_DefaultErrorHandler		CODE           	163E	0000	6
		_UART1_RxDataHandler		CODE           	1566	0000	38
		_UART1_DefaultOverrunErrorHandler		CODE           	164E	0000	2

mcc_generated_files/uart1.c estimated size: 602

shared
		_uart          		SMALLCONST     	1001	0000	20
		__initialization		CODE           	1378	0000	60

shared estimated size: 80

mcc_generated_files/pwm5.c
		_PWM5_Initialize		CODE           	15A4	0000	24

mcc_generated_files/pwm5.c estimated size: 24

mcc_generated_files/mcc.c
		_PMD_Initialize		CODE           	15BC	0000	20
		_OSCILLATOR_Initialize		CODE           	15D0	0000	18
		_SYSTEM_Initialize		CODE           	14E4	0000	46

mcc_generated_files/mcc.c estimated size: 84

mcc_generated_files/tmr1.c
		_TMR1_Initialize		CODE           	13BA	0000	64
		_TMR1_SetInterruptHandler		CODE           	162C	0000	10
		_TMR1_DefaultInterruptHandler		CODE           	1648	0000	2
		_TMR1_WriteTimer		CODE           	1512	0000	44
		_TMR1_ISR      		CODE           	129C	0000	84

mcc_generated_files/tmr1.c estimated size: 204

mcc_generated_files/adcc.c
		_ADCC_GetSingleConversion		CODE           	14B2	0000	50
		_ADCC_Initialize		CODE           	1478	0000	58

mcc_generated_files/adcc.c estimated size: 108

main.c
		_main          		CODE           	15E2	0000	14

main.c estimated size: 14

